Java HotSpot(TM) 64-Bit Server VM (25.281-b09) for bsd-amd64 JRE (1.8.0_281-b09), built on Dec  9 2020 12:44:49 by "java_re" with gcc 4.2.1 Compatible Apple LLVM 10.0.0 (clang-1000.11.45.5)
Memory: 4k page, physical 16777216k(1101532k free)

/proc/meminfo:

CommandLine flags: -XX:InitialHeapSize=1073741824 -XX:MaxHeapSize=1073741824 -XX:MaxNewSize=357916672 -XX:MaxTenuringThreshold=6 -XX:NewSize=357916672 -XX:OldPLABSize=16 -XX:OldSize=715825152 -XX:+PrintGC -XX:+PrintGCDetails -XX:+PrintGCTimeStamps -XX:+UseCompressedClassPointers -XX:+UseCompressedOops -XX:+UseConcMarkSweepGC -XX:+UseParNewGC 
0.224: [GC (Allocation Failure) 0.224: [ParNew: 279616K->34943K(314560K), 0.0309837 secs] 279616K->93401K(1013632K), 0.0310931 secs] [Times: user=0.07 sys=0.12, real=0.03 secs] 
0.293: [GC (Allocation Failure) 0.293: [ParNew: 314559K->34943K(314560K), 0.0282108 secs] 373017K->171563K(1013632K), 0.0283563 secs] [Times: user=0.06 sys=0.10, real=0.03 secs] 
0.353: [GC (Allocation Failure) 0.353: [ParNew: 314559K->34944K(314560K), 0.0423477 secs] 451179K->243572K(1013632K), 0.0424395 secs] [Times: user=0.27 sys=0.03, real=0.05 secs] 
0.425: [GC (Allocation Failure) 0.425: [ParNew: 314560K->34944K(314560K), 0.0453744 secs] 523188K->319574K(1013632K), 0.0454712 secs] [Times: user=0.26 sys=0.03, real=0.04 secs] 
0.496: [GC (Allocation Failure) 0.496: [ParNew: 314560K->34944K(314560K), 0.0484191 secs] 599190K->401462K(1013632K), 0.0485666 secs] [Times: user=0.33 sys=0.02, real=0.05 secs] 
0.545: [GC (CMS Initial Mark) [1 CMS-initial-mark: 366518K(699072K)] 407641K(1013632K), 0.0003757 secs] [Times: user=0.00 sys=0.00, real=0.00 secs] 
0.546: [CMS-concurrent-mark-start]
0.548: [CMS-concurrent-mark: 0.003/0.003 secs] [Times: user=0.01 sys=0.00, real=0.00 secs] 
0.549: [CMS-concurrent-preclean-start]
0.550: [CMS-concurrent-preclean: 0.001/0.001 secs] [Times: user=0.00 sys=0.00, real=0.00 secs] 
0.550: [CMS-concurrent-abortable-preclean-start]
0.572: [GC (Allocation Failure) 0.572: [ParNew: 314560K->34942K(314560K), 0.0452038 secs] 681078K->476206K(1013632K), 0.0453316 secs] [Times: user=0.32 sys=0.02, real=0.05 secs] 
0.644: [GC (Allocation Failure) 0.644: [ParNew: 314558K->34943K(314560K), 0.0445881 secs] 755822K->554030K(1013632K), 0.0446839 secs] [Times: user=0.32 sys=0.03, real=0.05 secs] 
0.716: [GC (Allocation Failure) 0.716: [ParNew: 314559K->34942K(314560K), 0.0418943 secs] 833646K->627927K(1013632K), 0.0419896 secs] [Times: user=0.30 sys=0.03, real=0.04 secs] 
0.786: [GC (Allocation Failure) 0.786: [ParNew: 314558K->34942K(314560K), 0.0426601 secs] 907543K->704973K(1013632K), 0.0428310 secs] [Times: user=0.30 sys=0.02, real=0.04 secs] 
0.829: [CMS-concurrent-abortable-preclean: 0.009/0.279 secs] [Times: user=1.35 sys=0.10, real=0.28 secs] 
0.829: [GC (CMS Final Remark) [YG occupancy: 40753 K (314560 K)]0.829: [Rescan (parallel) , 0.0003699 secs]0.829: [weak refs processing, 0.0000396 secs]0.829: [class unloading, 0.0001741 secs]0.829: [scrub symbol table, 0.0002264 secs]0.830: [scrub string table, 0.0000806 secs][1 CMS-remark: 670031K(699072K)] 710784K(1013632K), 0.0010007 secs] [Times: user=0.01 sys=0.00, real=0.00 secs] 
0.830: [CMS-concurrent-sweep-start]
0.831: [CMS-concurrent-sweep: 0.001/0.001 secs] [Times: user=0.00 sys=0.00, real=0.00 secs] 
0.831: [CMS-concurrent-reset-start]
0.833: [CMS-concurrent-reset: 0.002/0.002 secs] [Times: user=0.00 sys=0.00, real=0.00 secs] 
0.857: [GC (Allocation Failure) 0.857: [ParNew: 314558K->34943K(314560K), 0.0108826 secs] 854520K->651638K(1013632K), 0.0109775 secs] [Times: user=0.08 sys=0.00, real=0.01 secs] 
0.868: [GC (CMS Initial Mark) [1 CMS-initial-mark: 616694K(699072K)] 658074K(1013632K), 0.0002693 secs] [Times: user=0.00 sys=0.00, real=0.00 secs] 
0.869: [CMS-concurrent-mark-start]
0.870: [CMS-concurrent-mark: 0.001/0.001 secs] [Times: user=0.00 sys=0.00, real=0.00 secs] 
0.870: [CMS-concurrent-preclean-start]
0.871: [CMS-concurrent-preclean: 0.001/0.001 secs] [Times: user=0.00 sys=0.00, real=0.00 secs] 
0.871: [CMS-concurrent-abortable-preclean-start]
0.897: [GC (Allocation Failure) 0.897: [ParNew: 314559K->34943K(314560K), 0.0246527 secs] 931254K->731743K(1013632K), 0.0247556 secs] [Times: user=0.17 sys=0.01, real=0.02 secs] 
0.921: [CMS-concurrent-abortable-preclean: 0.001/0.050 secs] [Times: user=0.20 sys=0.01, real=0.05 secs] 
0.922: [GC (CMS Final Remark) [YG occupancy: 41359 K (314560 K)]0.922: [Rescan (parallel) , 0.0005662 secs]0.922: [weak refs processing, 0.0000116 secs]0.922: [class unloading, 0.0001663 secs]0.923: [scrub symbol table, 0.0002916 secs]0.923: [scrub string table, 0.0000772 secs][1 CMS-remark: 696799K(699072K)] 738159K(1013632K), 0.0012325 secs] [Times: user=0.00 sys=0.00, real=0.00 secs] 
0.923: [CMS-concurrent-sweep-start]
0.924: [CMS-concurrent-sweep: 0.001/0.001 secs] [Times: user=0.00 sys=0.00, real=0.01 secs] 
0.925: [CMS-concurrent-reset-start]
0.925: [CMS-concurrent-reset: 0.000/0.000 secs] [Times: user=0.00 sys=0.00, real=0.00 secs] 
0.951: [GC (Allocation Failure) 0.951: [ParNew: 314559K->34943K(314560K), 0.0102858 secs] 706868K->495384K(1013632K), 0.0103678 secs] [Times: user=0.07 sys=0.00, real=0.01 secs] 
0.962: [GC (CMS Initial Mark) [1 CMS-initial-mark: 460440K(699072K)] 501145K(1013632K), 0.0003088 secs] [Times: user=0.00 sys=0.00, real=0.00 secs] 
0.962: [CMS-concurrent-mark-start]
0.963: [CMS-concurrent-mark: 0.001/0.001 secs] [Times: user=0.01 sys=0.00, real=0.00 secs] 
0.963: [CMS-concurrent-preclean-start]
0.965: [CMS-concurrent-preclean: 0.001/0.001 secs] [Times: user=0.00 sys=0.00, real=0.01 secs] 
0.965: [CMS-concurrent-abortable-preclean-start]
0.993: [GC (Allocation Failure) 0.993: [ParNew: 314559K->34942K(314560K), 0.0105971 secs] 775000K->566438K(1013632K), 0.0106819 secs] [Times: user=0.08 sys=0.00, real=0.01 secs] 
1.031: [GC (Allocation Failure) 1.031: [ParNew: 314385K->34942K(314560K), 0.0119190 secs] 845881K->649904K(1013632K), 0.0120050 secs] [Times: user=0.09 sys=0.00, real=0.01 secs] 
Heap
 par new generation   total 314560K, used 299645K [0x0000000780000000, 0x0000000795550000, 0x0000000795550000)
  eden space 279616K,  94% used [0x0000000780000000, 0x000000079027fa40, 0x0000000791110000)
  from space 34944K,  99% used [0x0000000791110000, 0x000000079332fbf8, 0x0000000793330000)
  to   space 34944K,   0% used [0x0000000793330000, 0x0000000793330000, 0x0000000795550000)
 concurrent mark-sweep generation total 699072K, used 614961K [0x0000000795550000, 0x00000007c0000000, 0x00000007c0000000)
 Metaspace       used 2587K, capacity 4486K, committed 4864K, reserved 1056768K
  class space    used 278K, capacity 386K, committed 512K, reserved 1048576K
