Java HotSpot(TM) 64-Bit Server VM (25.281-b09) for bsd-amd64 JRE (1.8.0_281-b09), built on Dec  9 2020 12:44:49 by "java_re" with gcc 4.2.1 Compatible Apple LLVM 10.0.0 (clang-1000.11.45.5)
Memory: 4k page, physical 16777216k(1563560k free)

/proc/meminfo:

CommandLine flags: -XX:InitialHeapSize=1073741824 -XX:MaxHeapSize=1073741824 -XX:+PrintGC -XX:+PrintGCTimeStamps -XX:+UseCompressedClassPointers -XX:+UseCompressedOops -XX:+UseG1GC 
0.121: [GC pause (G1 Evacuation Pause) (young) 66M->22M(1024M), 0.0060388 secs]
0.138: [GC pause (G1 Evacuation Pause) (young) 79M->45M(1024M), 0.0062183 secs]
0.154: [GC pause (G1 Evacuation Pause) (young) 100M->67M(1024M), 0.0059302 secs]
0.189: [GC pause (G1 Evacuation Pause) (young) 162M->96M(1024M), 0.0092705 secs]
0.222: [GC pause (G1 Evacuation Pause) (young) 203M->122M(1024M), 0.0076834 secs]
0.249: [GC pause (G1 Evacuation Pause) (young) 249M->162M(1024M), 0.0134799 secs]
0.321: [GC pause (G1 Evacuation Pause) (young) 382M->223M(1024M), 0.0208098 secs]
0.364: [GC pause (G1 Evacuation Pause) (young) 411M->274M(1024M), 0.0144386 secs]
0.529: [GC pause (G1 Humongous Allocation) (young) (initial-mark) 733M->382M(1024M), 0.0314751 secs]
0.560: [GC concurrent-root-region-scan-start]
0.561: [GC concurrent-root-region-scan-end, 0.0001425 secs]
0.561: [GC concurrent-mark-start]
0.563: [GC concurrent-mark-end, 0.0020471 secs]
0.563: [GC remark, 0.0009550 secs]
0.564: [GC cleanup 408M->398M(1024M), 0.0005075 secs]
0.564: [GC concurrent-cleanup-start]
0.564: [GC concurrent-cleanup-end, 0.0000094 secs]
0.578: [GC pause (G1 Evacuation Pause) (young) 527M->409M(1024M), 0.0076347 secs]
0.590: [GC pause (G1 Evacuation Pause) (mixed) 450M->366M(1024M), 0.0041114 secs]
0.608: [GC pause (G1 Humongous Allocation) (young) (initial-mark) 480M->390M(1024M), 0.0033251 secs]
0.611: [GC concurrent-root-region-scan-start]
0.611: [GC concurrent-root-region-scan-end, 0.0001025 secs]
0.611: [GC concurrent-mark-start]
0.612: [GC concurrent-mark-end, 0.0010134 secs]
0.612: [GC remark, 0.0016846 secs]
0.614: [GC cleanup 401M->398M(1024M), 0.0009732 secs]
0.615: [GC concurrent-cleanup-start]
0.615: [GC concurrent-cleanup-end, 0.0000179 secs]
0.687: [GC pause (G1 Evacuation Pause) (young)-- 846M->636M(1024M), 0.0114098 secs]
0.700: [GC pause (G1 Evacuation Pause) (mixed) 645M->590M(1024M), 0.0051706 secs]
0.705: [GC pause (G1 Humongous Allocation) (young) (initial-mark) 594M->591M(1024M), 0.0012966 secs]
0.707: [GC concurrent-root-region-scan-start]
0.707: [GC concurrent-root-region-scan-end, 0.0000978 secs]
0.707: [GC concurrent-mark-start]
0.708: [GC concurrent-mark-end, 0.0009271 secs]
0.708: [GC remark, 0.0010251 secs]
0.709: [GC cleanup 601M->596M(1024M), 0.0005254 secs]
0.709: [GC concurrent-cleanup-start]
0.709: [GC concurrent-cleanup-end, 0.0000070 secs]
0.733: [GC pause (G1 Evacuation Pause) (young) 831M->643M(1024M), 0.0049480 secs]
0.742: [GC pause (G1 Evacuation Pause) (mixed) 670M->553M(1024M), 0.0044180 secs]
0.752: [GC pause (G1 Evacuation Pause) (mixed) 609M->486M(1024M), 0.0046122 secs]
0.763: [GC pause (G1 Evacuation Pause) (mixed) 547M->463M(1024M), 0.0043415 secs]
0.767: [GC pause (G1 Humongous Allocation) (young) (initial-mark) 465M->463M(1024M), 0.0013860 secs]
0.769: [GC concurrent-root-region-scan-start]
0.769: [GC concurrent-root-region-scan-end, 0.0000876 secs]
0.769: [GC concurrent-mark-start]
0.770: [GC concurrent-mark-end, 0.0008018 secs]
0.770: [GC remark, 0.0010913 secs]
0.771: [GC cleanup 473M->470M(1024M), 0.0005167 secs]
0.772: [GC concurrent-cleanup-start]
0.772: [GC concurrent-cleanup-end, 0.0000067 secs]
0.810: [GC pause (G1 Evacuation Pause) (young)-- 847M->621M(1024M), 0.0048893 secs]
0.816: [GC pause (G1 Evacuation Pause) (mixed) 636M->556M(1024M), 0.0061566 secs]
0.823: [GC pause (G1 Humongous Allocation) (young) (initial-mark) 558M->556M(1024M), 0.0011786 secs]
0.824: [GC concurrent-root-region-scan-start]
0.824: [GC concurrent-root-region-scan-end, 0.0000670 secs]
0.824: [GC concurrent-mark-start]
0.825: [GC concurrent-mark-end, 0.0008937 secs]
0.825: [GC remark, 0.0020332 secs]
0.827: [GC cleanup 565M->564M(1024M), 0.0005845 secs]
0.828: [GC concurrent-cleanup-start]
0.828: [GC concurrent-cleanup-end, 0.0000060 secs]
0.857: [GC pause (G1 Evacuation Pause) (young) 844M->620M(1024M), 0.0053199 secs]
0.865: [GC pause (G1 Evacuation Pause) (mixed) 649M->536M(1024M), 0.0041720 secs]
0.875: [GC pause (G1 Evacuation Pause) (mixed) 590M->476M(1024M), 0.0057043 secs]
0.886: [GC pause (G1 Evacuation Pause) (mixed) 530M->485M(1024M), 0.0039448 secs]
0.891: [GC pause (G1 Humongous Allocation) (young) (initial-mark) 493M->484M(1024M), 0.0028758 secs]
0.894: [GC concurrent-root-region-scan-start]
0.894: [GC concurrent-root-region-scan-end, 0.0000681 secs]
0.894: [GC concurrent-mark-start]
0.895: [GC concurrent-mark-end, 0.0009071 secs]
0.895: [GC remark, 0.0022110 secs]
0.897: [GC cleanup 493M->492M(1024M), 0.0007856 secs]
0.898: [GC concurrent-cleanup-start]
0.898: [GC concurrent-cleanup-end, 0.0000352 secs]
0.935: [GC pause (G1 Evacuation Pause) (young)-- 855M->641M(1024M), 0.0067846 secs]
0.943: [GC pause (G1 Evacuation Pause) (mixed) 656M->570M(1024M), 0.0097273 secs]
0.959: [GC pause (G1 Evacuation Pause) (mixed) 630M->564M(1024M), 0.0042334 secs]
0.963: [GC pause (G1 Humongous Allocation) (young) (initial-mark) 565M->564M(1024M), 0.0026928 secs]
0.966: [GC concurrent-root-region-scan-start]
0.966: [GC concurrent-root-region-scan-end, 0.0000763 secs]
0.966: [GC concurrent-mark-start]
0.967: [GC concurrent-mark-end, 0.0010198 secs]
0.968: [GC remark, 0.0019114 secs]
0.970: [GC cleanup 573M->559M(1024M), 0.0008384 secs]
0.971: [GC concurrent-cleanup-start]
0.971: [GC concurrent-cleanup-end, 0.0000122 secs]
0.996: [GC pause (G1 Evacuation Pause) (young) 838M->622M(1024M), 0.0064119 secs]
1.006: [GC pause (G1 Evacuation Pause) (mixed) 649M->539M(1024M), 0.0046399 secs]
1.016: [GC pause (G1 Evacuation Pause) (mixed) 597M->486M(1024M), 0.0044860 secs]
1.026: [GC pause (G1 Evacuation Pause) (mixed) 543M->500M(1024M), 0.0035731 secs]
1.030: [GC pause (G1 Humongous Allocation) (young) (initial-mark) 503M->500M(1024M), 0.0016648 secs]
1.031: [GC concurrent-root-region-scan-start]
1.031: [GC concurrent-root-region-scan-end, 0.0001073 secs]
1.031: [GC concurrent-mark-start]
1.032: [GC concurrent-mark-end, 0.0008387 secs]
1.032: [GC remark, 0.0014133 secs]
1.034: [GC cleanup 509M->506M(1024M), 0.0005598 secs]
1.034: [GC concurrent-cleanup-start]
1.034: [GC concurrent-cleanup-end, 0.0000060 secs]
1.064: [GC pause (G1 Evacuation Pause) (young) 822M->574M(1024M), 0.0057990 secs]
1.072: [GC pause (G1 Evacuation Pause) (mixed) 596M->506M(1024M), 0.0049197 secs]
