Java HotSpot(TM) 64-Bit Server VM (25.281-b09) for bsd-amd64 JRE (1.8.0_281-b09), built on Dec  9 2020 12:44:49 by "java_re" with gcc 4.2.1 Compatible Apple LLVM 10.0.0 (clang-1000.11.45.5)
Memory: 4k page, physical 16777216k(78292k free)

/proc/meminfo:

CommandLine flags: -XX:InitialHeapSize=1073741824 -XX:MaxHeapSize=1073741824 -XX:+PrintGC -XX:+PrintGCDetails -XX:+PrintGCTimeStamps -XX:+UseCompressedClassPointers -XX:+UseCompressedOops -XX:+UseParallelGC 
0.446: [GC (Allocation Failure) [PSYoungGen: 262144K->43510K(305664K)] 262144K->79530K(1005056K), 0.0394284 secs] [Times: user=0.05 sys=0.07, real=0.04 secs] 
0.528: [GC (Allocation Failure) [PSYoungGen: 305654K->43519K(305664K)] 341674K->158593K(1005056K), 0.0519947 secs] [Times: user=0.05 sys=0.12, real=0.05 secs] 
0.609: [GC (Allocation Failure) [PSYoungGen: 305663K->43511K(305664K)] 420737K->233634K(1005056K), 0.0403955 secs] [Times: user=0.06 sys=0.09, real=0.04 secs] 
0.677: [GC (Allocation Failure) [PSYoungGen: 305655K->43506K(305664K)] 495778K->299696K(1005056K), 0.0498829 secs] [Times: user=0.05 sys=0.07, real=0.05 secs] 
0.756: [GC (Allocation Failure) [PSYoungGen: 305650K->43519K(305664K)] 561840K->373747K(1005056K), 0.0296693 secs] [Times: user=0.06 sys=0.08, real=0.03 secs] 
0.814: [GC (Allocation Failure) [PSYoungGen: 305622K->43507K(160256K)] 635850K->435196K(859648K), 0.0269712 secs] [Times: user=0.05 sys=0.07, real=0.03 secs] 
0.853: [GC (Allocation Failure) [PSYoungGen: 160243K->73010K(232960K)] 551932K->470563K(932352K), 0.0061220 secs] [Times: user=0.02 sys=0.01, real=0.01 secs] 
0.872: [GC (Allocation Failure) [PSYoungGen: 189746K->92509K(232960K)] 587299K->504350K(932352K), 0.0098399 secs] [Times: user=0.04 sys=0.01, real=0.01 secs] 
0.896: [GC (Allocation Failure) [PSYoungGen: 209245K->103595K(232960K)] 621086K->529994K(932352K), 0.0110387 secs] [Times: user=0.04 sys=0.02, real=0.01 secs] 
0.919: [GC (Allocation Failure) [PSYoungGen: 220331K->76304K(232960K)] 646730K->564074K(932352K), 0.0430996 secs] [Times: user=0.04 sys=0.06, real=0.04 secs] 
0.977: [GC (Allocation Failure) [PSYoungGen: 192810K->34025K(232960K)] 680580K->589902K(932352K), 0.0517327 secs] [Times: user=0.03 sys=0.07, real=0.05 secs] 
1.039: [GC (Allocation Failure) [PSYoungGen: 150761K->40432K(232960K)] 706638K->627622K(932352K), 0.0184180 secs] [Times: user=0.03 sys=0.03, real=0.02 secs] 
1.070: [GC (Allocation Failure) [PSYoungGen: 157168K->41324K(232960K)] 744358K->665463K(932352K), 0.0205385 secs] [Times: user=0.03 sys=0.04, real=0.02 secs] 
1.091: [Full GC (Ergonomics) [PSYoungGen: 41324K->0K(232960K)] [ParOldGen: 624139K->323105K(699392K)] 665463K->323105K(932352K), [Metaspace: 2580K->2580K(1056768K)], 0.0354573 secs] [Times: user=0.15 sys=0.01, real=0.04 secs] 
1.141: [GC (Allocation Failure) [PSYoungGen: 116736K->43406K(232960K)] 439841K->366511K(932352K), 0.0036246 secs] [Times: user=0.01 sys=0.00, real=0.00 secs] 
1.158: [GC (Allocation Failure) [PSYoungGen: 160142K->38587K(232960K)] 483247K->401399K(932352K), 0.0042616 secs] [Times: user=0.04 sys=0.01, real=0.00 secs] 
1.174: [GC (Allocation Failure) [PSYoungGen: 155323K->41143K(232960K)] 518135K->437423K(932352K), 0.0051497 secs] [Times: user=0.03 sys=0.00, real=0.01 secs] 
1.192: [GC (Allocation Failure) [PSYoungGen: 157879K->39859K(232960K)] 554159K->471596K(932352K), 0.0042451 secs] [Times: user=0.03 sys=0.00, real=0.01 secs] 
1.209: [GC (Allocation Failure) [PSYoungGen: 156595K->39102K(232960K)] 588332K->505026K(932352K), 0.0046755 secs] [Times: user=0.03 sys=0.00, real=0.00 secs] 
Heap
 PSYoungGen      total 232960K, used 89629K [0x00000007aab00000, 0x00000007c0000000, 0x00000007c0000000)
  eden space 116736K, 43% used [0x00000007aab00000,0x00000007adc57bb8,0x00000007b1d00000)
  from space 116224K, 33% used [0x00000007b8e80000,0x00000007bb4af9b8,0x00000007c0000000)
  to   space 116224K, 0% used [0x00000007b1d00000,0x00000007b1d00000,0x00000007b8e80000)
 ParOldGen       total 699392K, used 465923K [0x0000000780000000, 0x00000007aab00000, 0x00000007aab00000)
  object space 699392K, 66% used [0x0000000780000000,0x000000079c700ff0,0x00000007aab00000)
 Metaspace       used 2587K, capacity 4486K, committed 4864K, reserved 1056768K
  class space    used 278K, capacity 386K, committed 512K, reserved 1048576K
