Java HotSpot(TM) 64-Bit Server VM (25.281-b09) for bsd-amd64 JRE (1.8.0_281-b09), built on Dec  9 2020 12:44:49 by "java_re" with gcc 4.2.1 Compatible Apple LLVM 10.0.0 (clang-1000.11.45.5)
Memory: 4k page, physical 16777216k(1711884k free)

/proc/meminfo:

CommandLine flags: -XX:InitialHeapSize=4294967296 -XX:MaxHeapSize=4294967296 -XX:+PrintGC -XX:+PrintGCDetails -XX:+PrintGCTimeStamps -XX:+UseCompressedClassPointers -XX:+UseCompressedOops -XX:+UseSerialGC 
0.627: [GC (Allocation Failure) 0.627: [DefNew: 1118528K->139775K(1258304K), 0.1271553 secs] 1118528K->244555K(4054528K), 0.1272555 secs] [Times: user=0.07 sys=0.05, real=0.13 secs] 
0.877: [GC (Allocation Failure) 0.877: [DefNew: 1258303K->139775K(1258304K), 0.1420152 secs] 1363083K->399048K(4054528K), 0.1420993 secs] [Times: user=0.08 sys=0.07, real=0.14 secs] 
Heap
 def new generation   total 1258304K, used 724313K [0x00000006c0000000, 0x0000000715550000, 0x0000000715550000)
  eden space 1118528K,  52% used [0x00000006c0000000, 0x00000006e3ad64d8, 0x0000000704450000)
  from space 139776K,  99% used [0x0000000704450000, 0x000000070cccfff8, 0x000000070ccd0000)
  to   space 139776K,   0% used [0x000000070ccd0000, 0x000000070ccd0000, 0x0000000715550000)
 tenured generation   total 2796224K, used 259272K [0x0000000715550000, 0x00000007c0000000, 0x00000007c0000000)
   the space 2796224K,   9% used [0x0000000715550000, 0x0000000725282390, 0x0000000725282400, 0x00000007c0000000)
 Metaspace       used 2587K, capacity 4486K, committed 4864K, reserved 1056768K
  class space    used 278K, capacity 386K, committed 512K, reserved 1048576K
